program name: ./tests/asm/test2.s
stage utilization: 0.653846  0.615385  0.730769  0.000000  0.615385 
register values 0  0  0  0  0  0  0  1  2  3  255  256  32767  0  0  3  6  65534  4  6  512  -262140  1  -254  1  0  0  0  0  0  0  68
