program name: ./tests/asm/test1.s
stage utilization: 0.538462  0.461538  0.461538  0.000000  0.461538 
register values 0  0  0  0  0  0  0  15  10  0  0  0  0  0  0  20  7  0  0  0  0  0  0  0  0  0  0  0  5  0  8  28
