program name: ./tests/asm/test4.s
stage utilization: 0.960784  0.137255  0.941176  0.000000  0.196078 
register values 0  0  0  0  0  0  0  1  2  3  4  5  3  0  0  21  22  255  170  0  0  0  0  0  0  0  0  0  0  0  0  56
