program name: ./tests/asm/test1.s
stage utilization: 0.350000  0.300000  0.600000  0.000000  0.300000 
register values 0  0  0  0  0  0  0  15  10  0  0  0  0  0  0  20  7  0  0  0  0  0  0  0  0  0  0  0  5  0  8  28
