program name: ./tests/asm/test3.s
stage utilization: 0.866667  0.400000  0.400000  0.400000  0.300000 
register values 0  0  0  0  0  0  0  1  40  250  2591  256  32767  0  0  256  32767  2591  0  0  0  0  0  0  0  0  0  0  0  0  0  52
