program name: ./tests/asm/test4.s
stage utilization: 0.619048  0.571429  0.857143  0.000000  0.714286 
register values 0  0  0  0  0  0  0  1  2  3  4  5  3  0  0  15  10  0  170  0  0  0  0  0  0  0  0  0  0  0  0  60
