program name: ./tests/asm/test3.s
stage utilization: 0.722222  0.666667  0.666667  0.333333  0.500000 
register values 0  0  0  0  0  0  0  1  40  250  2591  256  32767  0  0  256  32767  2591  0  0  0  0  0  0  0  0  0  0  0  0  0  52
