program name: ./tests/asm/test9.s
stage utilization: 0.486486  0.216216  0.432432  0.000000  0.216216 
register values 0  0  0  0  0  0  0  15  25  20  45  70  1050  980  70  0  0  0  0  0  0  0  0  0  0  0  0  0  0  0  0  36
